Archive member included to satisfy reference by file (symbol)

/usr/local/bin/gcc-arm-none-eabi-7-2018-q2-update/arm-none-eabi/lib/libc.a(lib_a-memcpy-stub.o)
                              /var/FreeRTOS/build/FreeRTOS/Source/queue.o (memcpy)
/usr/local/bin/gcc-arm-none-eabi-7-2018-q2-update/arm-none-eabi/lib/libc.a(lib_a-memset.o)
                              /var/FreeRTOS/build/FreeRTOS/Source/tasks.o (memset)
/usr/local/bin/gcc-arm-none-eabi-7-2018-q2-update/arm-none-eabi/lib/libc.a(lib_a-strncpy.o)
                              /var/FreeRTOS/build/FreeRTOS/Source/tasks.o (strncpy)

Memory Configuration

Name             Origin             Length             Attributes
RESERVED         0x0000000000000000 0x0000000000008000 r
INIT_RAM         0x0000000000008000 0x0000000000008000 xrw
RAM              0x0000000000010000 0x0000000008000000 xrw
*default*        0x0000000000000000 0xffffffffffffffff

Linker script and memory map

LOAD /var/FreeRTOS/build/FreeRTOS/Source/portable/GCC/RaspberryPi/port.o
LOAD /var/FreeRTOS/build/FreeRTOS/Source/portable/GCC/RaspberryPi/portisr.o
LOAD /var/FreeRTOS/build/FreeRTOS/Source/croutine.o
LOAD /var/FreeRTOS/build/FreeRTOS/Source/list.o
LOAD /var/FreeRTOS/build/FreeRTOS/Source/queue.o
LOAD /var/FreeRTOS/build/FreeRTOS/Source/tasks.o
LOAD /var/FreeRTOS/build/Demo/Drivers/irq.o
LOAD /var/FreeRTOS/build/Demo/Drivers/gpio.o
LOAD /var/FreeRTOS/build//FreeRTOS/Source/portable/MemMang/heap_4.o
LOAD /var/FreeRTOS/build/Demo/startup.o
LOAD /var/FreeRTOS/build/Demo/main.o

.init           0x0000000000008000       0xa4
 *(.init)
 .init          0x0000000000008000       0xa4 /var/FreeRTOS/build/Demo/startup.o
                0x0000000000008000                _start

.module_entries
                0x00000000000080a4        0x0
                0x00000000000080a4                __module_entries_start = .
 *(.module_entries)
 *(.module_entries.*)
                0x00000000000080a4                __module_entries_end = .
                0x0000000000000000                __module_entries_size = SIZEOF (.module_entries)

.text           0x0000000000010000     0x4418
 *(.text)
 .text          0x0000000000010000      0x344 /var/FreeRTOS/build/FreeRTOS/Source/portable/GCC/RaspberryPi/port.o
                0x0000000000010000                pxPortInitialiseStack
                0x0000000000010240                xPortStartScheduler
                0x000000000001025c                vPortEndScheduler
                0x0000000000010274                vTickISR
 .text          0x0000000000010344      0x2ac /var/FreeRTOS/build/FreeRTOS/Source/portable/GCC/RaspberryPi/portisr.o
                0x0000000000010344                vPortISRStartFirstTask
                0x00000000000103dc                vPortYieldProcessor
                0x0000000000010490                vFreeRTOS_ISR
                0x0000000000010540                vPortEnterCritical
                0x0000000000010584                vPortExitCritical
 .text          0x00000000000105f0      0x764 /var/FreeRTOS/build/FreeRTOS/Source/croutine.o
                0x00000000000105f0                xCoRoutineCreate
                0x0000000000010758                vCoRoutineAddToDelayedList
                0x0000000000010af8                vCoRoutineSchedule
                0x0000000000010cc8                xCoRoutineRemoveFromEventList
 .text          0x0000000000010d54      0x29c /var/FreeRTOS/build/FreeRTOS/Source/list.o
                0x0000000000010d54                vListInitialise
                0x0000000000010dbc                vListInitialiseItem
                0x0000000000010de8                vListInsertEnd
                0x0000000000010e80                vListInsert
                0x0000000000010f58                vListRemove
 .text          0x0000000000010ff0      0xbb0 /var/FreeRTOS/build/FreeRTOS/Source/queue.o
                0x0000000000010ff0                xQueueGenericReset
                0x0000000000011104                xQueueGenericCreate
                0x00000000000111cc                xQueueGenericSend
                0x0000000000011370                xQueueGenericSendFromISR
                0x000000000001144c                xQueueGenericReceive
                0x0000000000011650                xQueueReceiveFromISR
                0x0000000000011730                uxQueueMessagesWaiting
                0x0000000000011764                uxQueueMessagesWaitingFromISR
                0x0000000000011794                vQueueDelete
                0x0000000000011acc                xQueueIsQueueEmptyFromISR
                0x0000000000011b58                xQueueIsQueueFullFromISR
 .text          0x0000000000011ba0     0x1924 /var/FreeRTOS/build/FreeRTOS/Source/tasks.o
                0x0000000000011ba0                xTaskGenericCreate
                0x0000000000011dec                vTaskDelete
                0x0000000000011eec                vTaskDelayUntil
                0x0000000000011ffc                vTaskDelay
                0x0000000000012080                uxTaskPriorityGet
                0x00000000000120d8                vTaskPrioritySet
                0x0000000000012280                vTaskSuspend
                0x0000000000012384                xTaskIsTaskSuspended
                0x0000000000012400                vTaskResume
                0x00000000000124f8                xTaskResumeFromISR
                0x0000000000012614                vTaskStartScheduler
                0x00000000000126b0                vTaskEndScheduler
                0x00000000000126e8                vTaskSuspendAll
                0x0000000000012718                xTaskResumeAll
                0x00000000000128bc                xTaskGetTickCount
                0x00000000000128f0                xTaskGetTickCountFromISR
                0x0000000000012928                uxTaskGetNumberOfTasks
                0x000000000001294c                vTaskIncrementTick
                0x0000000000012b68                vTaskSetApplicationTaskTag
                0x0000000000012bc4                xTaskGetApplicationTaskTag
                0x0000000000012c20                xTaskCallApplicationTaskHook
                0x0000000000012c9c                vTaskSwitchContext
                0x0000000000012da4                vTaskPlaceOnEventList
                0x0000000000012e40                xTaskRemoveFromEventList
                0x0000000000012f58                vTaskSetTimeOutState
                0x0000000000012fa0                xTaskCheckForTimeOut
                0x0000000000013094                vTaskMissedYield
 .text          0x00000000000134c4      0x3a0 /var/FreeRTOS/build/Demo/Drivers/irq.o
                0x0000000000013574                irqHandler
                0x0000000000013614                irqUnblock
                0x0000000000013630                irqBlock
                0x000000000001364c                irqRegister
                0x00000000000136b0                irqEnable
                0x0000000000013784                irqDisable
 .text          0x0000000000013864      0x5d8 /var/FreeRTOS/build/Demo/Drivers/gpio.o
                0x0000000000013864                SetGpioFunction
                0x0000000000013940                SetGpioDirection
                0x0000000000013974                SetGpio
                0x0000000000013a2c                ReadGpio
                0x0000000000013a7c                EnableGpioDetect
                0x0000000000013c2c                DisableGpioDetect
                0x0000000000013de4                ClearGpioInterrupt
 .text          0x0000000000013e3c      0x4ac /var/FreeRTOS/build//FreeRTOS/Source/portable/MemMang/heap_4.o
                0x0000000000013e3c                pvPortMalloc
                0x0000000000014004                vPortFree
                0x0000000000014080                xPortGetFreeHeapSize
                0x00000000000140a4                vPortInitialiseBlocks
 .text          0x00000000000142e8       0x18 /var/FreeRTOS/build/Demo/startup.o
 .text          0x0000000000014300      0x118 /var/FreeRTOS/build/Demo/main.o
                0x0000000000014300                task1
                0x000000000001433c                task2
                0x0000000000014380                main
 .text          0x0000000000014418        0x0 /usr/local/bin/gcc-arm-none-eabi-7-2018-q2-update/arm-none-eabi/lib/libc.a(lib_a-memcpy-stub.o)
 .text          0x0000000000014418        0x0 /usr/local/bin/gcc-arm-none-eabi-7-2018-q2-update/arm-none-eabi/lib/libc.a(lib_a-memset.o)
 .text          0x0000000000014418        0x0 /usr/local/bin/gcc-arm-none-eabi-7-2018-q2-update/arm-none-eabi/lib/libc.a(lib_a-strncpy.o)

.rodata         0x0000000000014418       0x2a
 .rodata        0x0000000000014418        0x4 /var/FreeRTOS/build/FreeRTOS/Source/portable/GCC/RaspberryPi/port.o
 .rodata        0x000000000001441c        0x5 /var/FreeRTOS/build/FreeRTOS/Source/tasks.o
 *fill*         0x0000000000014421        0x3 
 .rodata        0x0000000000014424        0x4 /var/FreeRTOS/build/Demo/Drivers/irq.o
 .rodata        0x0000000000014428        0x4 /var/FreeRTOS/build/Demo/Drivers/gpio.o
                0x0000000000014428                pRegs
 .rodata        0x000000000001442c        0x8 /var/FreeRTOS/build//FreeRTOS/Source/portable/MemMang/heap_4.o
 .rodata        0x0000000000014434        0xe /var/FreeRTOS/build/Demo/main.o

.glue_7         0x0000000000014444        0x0
 .glue_7        0x0000000000014444        0x0 linker stubs

.glue_7t        0x0000000000014444        0x0
 .glue_7t       0x0000000000014444        0x0 linker stubs

.vfp11_veneer   0x0000000000014444        0x0
 .vfp11_veneer  0x0000000000014444        0x0 linker stubs

.v4_bx          0x0000000000014444        0x0
 .v4_bx         0x0000000000014444        0x0 linker stubs

.iplt           0x0000000000014444        0x0
 .iplt          0x0000000000014444        0x0 /var/FreeRTOS/build/FreeRTOS/Source/portable/GCC/RaspberryPi/port.o

.text.memcpy    0x0000000000014444      0x110
 .text.memcpy   0x0000000000014444      0x110 /usr/local/bin/gcc-arm-none-eabi-7-2018-q2-update/arm-none-eabi/lib/libc.a(lib_a-memcpy-stub.o)
                0x0000000000014444                memcpy

.text.memset    0x0000000000014554      0x114
 .text.memset   0x0000000000014554      0x114 /usr/local/bin/gcc-arm-none-eabi-7-2018-q2-update/arm-none-eabi/lib/libc.a(lib_a-memset.o)
                0x0000000000014554                memset

.text.strncpy   0x0000000000014668       0xe0
 .text.strncpy  0x0000000000014668       0xe0 /usr/local/bin/gcc-arm-none-eabi-7-2018-q2-update/arm-none-eabi/lib/libc.a(lib_a-strncpy.o)
                0x0000000000014668                strncpy

.rel.dyn        0x0000000000014748        0x0
 .rel.iplt      0x0000000000014748        0x0 /var/FreeRTOS/build/FreeRTOS/Source/portable/GCC/RaspberryPi/port.o

.data           0x0000000000014748        0xc
 *(.data)
 .data          0x0000000000014748        0x0 /var/FreeRTOS/build/FreeRTOS/Source/portable/GCC/RaspberryPi/port.o
 .data          0x0000000000014748        0x4 /var/FreeRTOS/build/FreeRTOS/Source/portable/GCC/RaspberryPi/portisr.o
                0x0000000000014748                ulCriticalNesting
 .data          0x000000000001474c        0x0 /var/FreeRTOS/build/FreeRTOS/Source/croutine.o
 .data          0x000000000001474c        0x0 /var/FreeRTOS/build/FreeRTOS/Source/list.o
 .data          0x000000000001474c        0x0 /var/FreeRTOS/build/FreeRTOS/Source/queue.o
 .data          0x000000000001474c        0x4 /var/FreeRTOS/build/FreeRTOS/Source/tasks.o
 .data          0x0000000000014750        0x0 /var/FreeRTOS/build/Demo/Drivers/irq.o
 .data          0x0000000000014750        0x0 /var/FreeRTOS/build/Demo/Drivers/gpio.o
 .data          0x0000000000014750        0x4 /var/FreeRTOS/build//FreeRTOS/Source/portable/MemMang/heap_4.o
 .data          0x0000000000014754        0x0 /var/FreeRTOS/build/Demo/startup.o
 .data          0x0000000000014754        0x0 /var/FreeRTOS/build/Demo/main.o
 .data          0x0000000000014754        0x0 /usr/local/bin/gcc-arm-none-eabi-7-2018-q2-update/arm-none-eabi/lib/libc.a(lib_a-memcpy-stub.o)
 .data          0x0000000000014754        0x0 /usr/local/bin/gcc-arm-none-eabi-7-2018-q2-update/arm-none-eabi/lib/libc.a(lib_a-memset.o)
 .data          0x0000000000014754        0x0 /usr/local/bin/gcc-arm-none-eabi-7-2018-q2-update/arm-none-eabi/lib/libc.a(lib_a-strncpy.o)

.igot.plt       0x0000000000014754        0x0
 .igot.plt      0x0000000000014754        0x0 /var/FreeRTOS/build/FreeRTOS/Source/portable/GCC/RaspberryPi/port.o

.bss            0x0000000000014758     0x13e0
                0x0000000000014758                __bss_start = .
 *(.bss)
 .bss           0x0000000000014758        0x0 /var/FreeRTOS/build/FreeRTOS/Source/portable/GCC/RaspberryPi/port.o
 .bss           0x0000000000014758        0x4 /var/FreeRTOS/build/FreeRTOS/Source/portable/GCC/RaspberryPi/portisr.o
                0x0000000000014758                g_bStarted
 .bss           0x000000000001475c       0x80 /var/FreeRTOS/build/FreeRTOS/Source/croutine.o
                0x00000000000147c8                pxCurrentCoRoutine
 .bss           0x00000000000147dc        0x0 /var/FreeRTOS/build/FreeRTOS/Source/list.o
 .bss           0x00000000000147dc        0x0 /var/FreeRTOS/build/FreeRTOS/Source/queue.o
 .bss           0x00000000000147dc      0x100 /var/FreeRTOS/build/FreeRTOS/Source/tasks.o
                0x00000000000147dc                pxCurrentTCB
 .bss           0x00000000000148dc      0x24c /var/FreeRTOS/build/Demo/Drivers/irq.o
 .bss           0x0000000000014b28        0x0 /var/FreeRTOS/build/Demo/Drivers/gpio.o
 .bss           0x0000000000014b28     0x1010 /var/FreeRTOS/build//FreeRTOS/Source/portable/MemMang/heap_4.o
                0x0000000000015b34                allocated
 .bss           0x0000000000015b38        0x0 /var/FreeRTOS/build/Demo/startup.o
 .bss           0x0000000000015b38        0x0 /var/FreeRTOS/build/Demo/main.o
 .bss           0x0000000000015b38        0x0 /usr/local/bin/gcc-arm-none-eabi-7-2018-q2-update/arm-none-eabi/lib/libc.a(lib_a-memcpy-stub.o)
 .bss           0x0000000000015b38        0x0 /usr/local/bin/gcc-arm-none-eabi-7-2018-q2-update/arm-none-eabi/lib/libc.a(lib_a-memset.o)
 .bss           0x0000000000015b38        0x0 /usr/local/bin/gcc-arm-none-eabi-7-2018-q2-update/arm-none-eabi/lib/libc.a(lib_a-strncpy.o)
 *(.bss.*)
                0x0000000000015b38                __bss_end = .
                0x0000000008010000                _estack = (ORIGIN (RAM) + LENGTH (RAM))
LOAD /usr/local/bin/gcc-arm-none-eabi-7-2018-q2-update/lib/gcc/arm-none-eabi/7.3.1/libgcc.a
LOAD /usr/local/bin/gcc-arm-none-eabi-7-2018-q2-update/arm-none-eabi/lib/libc.a
OUTPUT(kernel.elf elf32-littlearm)

.debug_info     0x0000000000000000     0x4992
 .debug_info    0x0000000000000000      0x1fc /var/FreeRTOS/build/FreeRTOS/Source/portable/GCC/RaspberryPi/port.o
 .debug_info    0x00000000000001fc      0x18b /var/FreeRTOS/build/FreeRTOS/Source/portable/GCC/RaspberryPi/portisr.o
 .debug_info    0x0000000000000387      0x471 /var/FreeRTOS/build/FreeRTOS/Source/croutine.o
 .debug_info    0x00000000000007f8      0xaa7 /var/FreeRTOS/build/FreeRTOS/Source/list.o
 .debug_info    0x000000000000129f      0xf44 /var/FreeRTOS/build/FreeRTOS/Source/queue.o
 .debug_info    0x00000000000021e3     0x1545 /var/FreeRTOS/build/FreeRTOS/Source/tasks.o
 .debug_info    0x0000000000003728      0x2b4 /var/FreeRTOS/build/Demo/Drivers/irq.o
 .debug_info    0x00000000000039dc      0x3fd /var/FreeRTOS/build/Demo/Drivers/gpio.o
 .debug_info    0x0000000000003dd9      0xae5 /var/FreeRTOS/build//FreeRTOS/Source/portable/MemMang/heap_4.o
 .debug_info    0x00000000000048be       0xd4 /var/FreeRTOS/build/Demo/main.o

.debug_abbrev   0x0000000000000000     0x1045
 .debug_abbrev  0x0000000000000000      0x11f /var/FreeRTOS/build/FreeRTOS/Source/portable/GCC/RaspberryPi/port.o
 .debug_abbrev  0x000000000000011f       0xd9 /var/FreeRTOS/build/FreeRTOS/Source/portable/GCC/RaspberryPi/portisr.o
 .debug_abbrev  0x00000000000001f8      0x185 /var/FreeRTOS/build/FreeRTOS/Source/croutine.o
 .debug_abbrev  0x000000000000037d      0x1e6 /var/FreeRTOS/build/FreeRTOS/Source/list.o
 .debug_abbrev  0x0000000000000563      0x257 /var/FreeRTOS/build/FreeRTOS/Source/queue.o
 .debug_abbrev  0x00000000000007ba      0x2d0 /var/FreeRTOS/build/FreeRTOS/Source/tasks.o
 .debug_abbrev  0x0000000000000a8a      0x12f /var/FreeRTOS/build/Demo/Drivers/irq.o
 .debug_abbrev  0x0000000000000bb9      0x14d /var/FreeRTOS/build/Demo/Drivers/gpio.o
 .debug_abbrev  0x0000000000000d06      0x2a6 /var/FreeRTOS/build//FreeRTOS/Source/portable/MemMang/heap_4.o
 .debug_abbrev  0x0000000000000fac       0x99 /var/FreeRTOS/build/Demo/main.o

.debug_aranges  0x0000000000000000      0x140
 .debug_aranges
                0x0000000000000000       0x20 /var/FreeRTOS/build/FreeRTOS/Source/portable/GCC/RaspberryPi/port.o
 .debug_aranges
                0x0000000000000020       0x20 /var/FreeRTOS/build/FreeRTOS/Source/portable/GCC/RaspberryPi/portisr.o
 .debug_aranges
                0x0000000000000040       0x20 /var/FreeRTOS/build/FreeRTOS/Source/croutine.o
 .debug_aranges
                0x0000000000000060       0x20 /var/FreeRTOS/build/FreeRTOS/Source/list.o
 .debug_aranges
                0x0000000000000080       0x20 /var/FreeRTOS/build/FreeRTOS/Source/queue.o
 .debug_aranges
                0x00000000000000a0       0x20 /var/FreeRTOS/build/FreeRTOS/Source/tasks.o
 .debug_aranges
                0x00000000000000c0       0x20 /var/FreeRTOS/build/Demo/Drivers/irq.o
 .debug_aranges
                0x00000000000000e0       0x20 /var/FreeRTOS/build/Demo/Drivers/gpio.o
 .debug_aranges
                0x0000000000000100       0x20 /var/FreeRTOS/build//FreeRTOS/Source/portable/MemMang/heap_4.o
 .debug_aranges
                0x0000000000000120       0x20 /var/FreeRTOS/build/Demo/main.o

.debug_line     0x0000000000000000     0x11bb
 .debug_line    0x0000000000000000       0xfd /var/FreeRTOS/build/FreeRTOS/Source/portable/GCC/RaspberryPi/port.o
 .debug_line    0x00000000000000fd       0xa1 /var/FreeRTOS/build/FreeRTOS/Source/portable/GCC/RaspberryPi/portisr.o
 .debug_line    0x000000000000019e      0x1aa /var/FreeRTOS/build/FreeRTOS/Source/croutine.o
 .debug_line    0x0000000000000348      0x22c /var/FreeRTOS/build/FreeRTOS/Source/list.o
 .debug_line    0x0000000000000574      0x32e /var/FreeRTOS/build/FreeRTOS/Source/queue.o
 .debug_line    0x00000000000008a2      0x549 /var/FreeRTOS/build/FreeRTOS/Source/tasks.o
 .debug_line    0x0000000000000deb       0xa2 /var/FreeRTOS/build/Demo/Drivers/irq.o
 .debug_line    0x0000000000000e8d       0xb0 /var/FreeRTOS/build/Demo/Drivers/gpio.o
 .debug_line    0x0000000000000f3d      0x1f4 /var/FreeRTOS/build//FreeRTOS/Source/portable/MemMang/heap_4.o
 .debug_line    0x0000000000001131       0x8a /var/FreeRTOS/build/Demo/main.o

.debug_str      0x0000000000000000     0x1925
 .debug_str     0x0000000000000000      0x1d2 /var/FreeRTOS/build/FreeRTOS/Source/portable/GCC/RaspberryPi/port.o
                                        0x219 (size before relaxing)
 .debug_str     0x00000000000001d2       0xcb /var/FreeRTOS/build/FreeRTOS/Source/portable/GCC/RaspberryPi/portisr.o
                                        0x199 (size before relaxing)
 .debug_str     0x000000000000029d      0x34e /var/FreeRTOS/build/FreeRTOS/Source/croutine.o
                                        0x456 (size before relaxing)
 .debug_str     0x00000000000005eb      0x4b0 /var/FreeRTOS/build/FreeRTOS/Source/list.o
                                        0x65f (size before relaxing)
 .debug_str     0x0000000000000a9b      0x32e /var/FreeRTOS/build/FreeRTOS/Source/queue.o
                                        0x8fb (size before relaxing)
 .debug_str     0x0000000000000dc9      0x624 /var/FreeRTOS/build/FreeRTOS/Source/tasks.o
                                        0xcdd (size before relaxing)
 .debug_str     0x00000000000013ed      0x142 /var/FreeRTOS/build/Demo/Drivers/irq.o
                                        0x1ff (size before relaxing)
 .debug_str     0x000000000000152f      0x21a /var/FreeRTOS/build/Demo/Drivers/gpio.o
                                        0x2e5 (size before relaxing)
 .debug_str     0x0000000000001749      0x1af /var/FreeRTOS/build//FreeRTOS/Source/portable/MemMang/heap_4.o
                                        0x6cf (size before relaxing)
 .debug_str     0x00000000000018f8       0x2d /var/FreeRTOS/build/Demo/main.o
                                        0x12f (size before relaxing)

.comment        0x0000000000000000       0x7f
 .comment       0x0000000000000000       0x7f /var/FreeRTOS/build/FreeRTOS/Source/portable/GCC/RaspberryPi/port.o
                                         0x80 (size before relaxing)
 .comment       0x000000000000007f       0x80 /var/FreeRTOS/build/FreeRTOS/Source/portable/GCC/RaspberryPi/portisr.o
 .comment       0x000000000000007f       0x80 /var/FreeRTOS/build/FreeRTOS/Source/croutine.o
 .comment       0x000000000000007f       0x80 /var/FreeRTOS/build/FreeRTOS/Source/list.o
 .comment       0x000000000000007f       0x80 /var/FreeRTOS/build/FreeRTOS/Source/queue.o
 .comment       0x000000000000007f       0x80 /var/FreeRTOS/build/FreeRTOS/Source/tasks.o
 .comment       0x000000000000007f       0x80 /var/FreeRTOS/build/Demo/Drivers/irq.o
 .comment       0x000000000000007f       0x80 /var/FreeRTOS/build/Demo/Drivers/gpio.o
 .comment       0x000000000000007f       0x80 /var/FreeRTOS/build//FreeRTOS/Source/portable/MemMang/heap_4.o
 .comment       0x000000000000007f       0x80 /var/FreeRTOS/build/Demo/main.o

.ARM.attributes
                0x0000000000000000       0x2c
 .ARM.attributes
                0x0000000000000000       0x2e /var/FreeRTOS/build/FreeRTOS/Source/portable/GCC/RaspberryPi/port.o
 .ARM.attributes
                0x000000000000002e       0x2e /var/FreeRTOS/build/FreeRTOS/Source/portable/GCC/RaspberryPi/portisr.o
 .ARM.attributes
                0x000000000000005c       0x2e /var/FreeRTOS/build/FreeRTOS/Source/croutine.o
 .ARM.attributes
                0x000000000000008a       0x2e /var/FreeRTOS/build/FreeRTOS/Source/list.o
 .ARM.attributes
                0x00000000000000b8       0x2e /var/FreeRTOS/build/FreeRTOS/Source/queue.o
 .ARM.attributes
                0x00000000000000e6       0x2e /var/FreeRTOS/build/FreeRTOS/Source/tasks.o
 .ARM.attributes
                0x0000000000000114       0x2e /var/FreeRTOS/build/Demo/Drivers/irq.o
 .ARM.attributes
                0x0000000000000142       0x2e /var/FreeRTOS/build/Demo/Drivers/gpio.o
 .ARM.attributes
                0x0000000000000170       0x2e /var/FreeRTOS/build//FreeRTOS/Source/portable/MemMang/heap_4.o
 .ARM.attributes
                0x000000000000019e       0x12 /var/FreeRTOS/build/Demo/startup.o
 .ARM.attributes
                0x00000000000001b0       0x2e /var/FreeRTOS/build/Demo/main.o
 .ARM.attributes
                0x00000000000001de       0x30 /usr/local/bin/gcc-arm-none-eabi-7-2018-q2-update/arm-none-eabi/lib/libc.a(lib_a-memcpy-stub.o)
 .ARM.attributes
                0x000000000000020e       0x30 /usr/local/bin/gcc-arm-none-eabi-7-2018-q2-update/arm-none-eabi/lib/libc.a(lib_a-memset.o)
 .ARM.attributes
                0x000000000000023e       0x30 /usr/local/bin/gcc-arm-none-eabi-7-2018-q2-update/arm-none-eabi/lib/libc.a(lib_a-strncpy.o)

.debug_frame    0x0000000000000000      0xcf4
 .debug_frame   0x0000000000000000       0xac /var/FreeRTOS/build/FreeRTOS/Source/portable/GCC/RaspberryPi/port.o
 .debug_frame   0x00000000000000ac       0x90 /var/FreeRTOS/build/FreeRTOS/Source/portable/GCC/RaspberryPi/portisr.o
 .debug_frame   0x000000000000013c       0xf0 /var/FreeRTOS/build/FreeRTOS/Source/croutine.o
 .debug_frame   0x000000000000022c       0xb0 /var/FreeRTOS/build/FreeRTOS/Source/list.o
 .debug_frame   0x00000000000002dc      0x210 /var/FreeRTOS/build/FreeRTOS/Source/queue.o
 .debug_frame   0x00000000000004ec      0x450 /var/FreeRTOS/build/FreeRTOS/Source/tasks.o
 .debug_frame   0x000000000000093c       0xf0 /var/FreeRTOS/build/Demo/Drivers/irq.o
 .debug_frame   0x0000000000000a2c       0xf0 /var/FreeRTOS/build/Demo/Drivers/gpio.o
 .debug_frame   0x0000000000000b1c       0xd0 /var/FreeRTOS/build//FreeRTOS/Source/portable/MemMang/heap_4.o
 .debug_frame   0x0000000000000bec       0x64 /var/FreeRTOS/build/Demo/main.o
 .debug_frame   0x0000000000000c50       0x34 /usr/local/bin/gcc-arm-none-eabi-7-2018-q2-update/arm-none-eabi/lib/libc.a(lib_a-memcpy-stub.o)
 .debug_frame   0x0000000000000c84       0x30 /usr/local/bin/gcc-arm-none-eabi-7-2018-q2-update/arm-none-eabi/lib/libc.a(lib_a-memset.o)
 .debug_frame   0x0000000000000cb4       0x40 /usr/local/bin/gcc-arm-none-eabi-7-2018-q2-update/arm-none-eabi/lib/libc.a(lib_a-strncpy.o)
